******************************************************************************
                  MSP430 Linker PC v4.3.1                      
******************************************************************************
>> Linked Sat May 31 13:00:45 2014

OUTPUT FILE NAME:   <ir send.out>
ENTRY POINT SYMBOL: "_c_int00"  address: 0000c77c


MEMORY CONFIGURATION

         name            origin    length      used     unused   attr    fill
----------------------  --------  ---------  --------  --------  ----  --------
  SFR                   00000000   00000010  00000000  00000010  RWIX
  PERIPHERALS_8BIT      00000010   000000f0  00000000  000000f0  RWIX
  PERIPHERALS_16BIT     00000100   00000100  00000000  00000100  RWIX
  RAM                   00000200   00000200  00000164  0000009c  RWIX
  INFOD                 00001000   00000040  00000000  00000040  RWIX
  INFOC                 00001040   00000040  00000000  00000040  RWIX
  INFOB                 00001080   00000040  00000000  00000040  RWIX
  INFOA                 000010c0   00000040  00000000  00000040  RWIX
  FLASH                 0000c000   00003fe0  00000a6c  00003574  RWIX
  INT00                 0000ffe0   00000002  00000000  00000002  RWIX
  INT01                 0000ffe2   00000002  00000000  00000002  RWIX
  INT02                 0000ffe4   00000002  00000002  00000000  RWIX
  INT03                 0000ffe6   00000002  00000002  00000000  RWIX
  INT04                 0000ffe8   00000002  00000000  00000002  RWIX
  INT05                 0000ffea   00000002  00000002  00000000  RWIX
  INT06                 0000ffec   00000002  00000002  00000000  RWIX
  INT07                 0000ffee   00000002  00000002  00000000  RWIX
  INT08                 0000fff0   00000002  00000002  00000000  RWIX
  INT09                 0000fff2   00000002  00000002  00000000  RWIX
  INT10                 0000fff4   00000002  00000002  00000000  RWIX
  INT11                 0000fff6   00000002  00000002  00000000  RWIX
  INT12                 0000fff8   00000002  00000002  00000000  RWIX
  INT13                 0000fffa   00000002  00000002  00000000  RWIX
  INT14                 0000fffc   00000002  00000002  00000000  RWIX
  RESET                 0000fffe   00000002  00000002  00000000  RWIX


SECTION ALLOCATION MAP

 output                                  attributes/
section   page    origin      length       input sections
--------  ----  ----------  ----------   ----------------
.bss       0    00000200    000000bb     UNINITIALIZED
                  00000200    00000064     (.common:ErrData)
                  00000264    00000028     (.common:DataBuffer)
                  0000028c    00000004     IRReceive.obj (.bss)
                  00000290    00000004     IRRemote.obj (.bss)
                  00000294    00000002     (.common:BitCount)
                  00000296    00000002     (.common:ErrCount)
                  00000298    00000002     (.common:SendHiBit)
                  0000029a    00000002     (.common:SendLoBit)
                  0000029c    00000002     (.common:TotalBitCount)
                  0000029e    00000002     (.common:__TI_cleanup_ptr)
                  000002a0    00000002     (.common:__TI_dtors_ptr)
                  000002a2    00000002     (.common:__dso_handle)
                  000002a4    00000002     (.common:count)
                  000002a6    00000002     (.common:index)
                  000002a8    00000002     (.common:mClock)
                  000002aa    00000002     (.common:mPin)
                  000002ac    00000002     (.common:memsize)
                  000002ae    00000002     (.common:nSendCounter)
                  000002b0    00000002     (.common:sys_base)
                  000002b2    00000002     (.common:sys_free)
                  000002b4    00000002     (.common:timerFunc1)
                  000002b6    00000002     (.common:timerFunc2)
                  000002b8    00000001     (.common:isRxReady)
                  000002b9    00000001     (.common:nModData)
                  000002ba    00000001     (.common:nOutData)

.TI.noinit 
*          0    00000200    00000000     UNINITIALIZED

.sysmem    0    000002bc    00000050     UNINITIALIZED
                  000002bc    00000004     rts430_eabi.lib : memory.obj (.sysmem)
                  000002c0    0000004c     --HOLE--

.data      0    0000030c    00000009     UNINITIALIZED
                  0000030c    00000004     rts430_eabi.lib : _lock.obj (.data)
                  00000310    00000002                     : dtor_list.obj (.data)
                  00000312    00000002                     : memory.obj (.data)
                  00000314    00000001     Serial.obj (.data)

.TI.persistent 
*          0    0000030c    00000000     UNINITIALIZED

.stack     0    000003b0    00000050     UNINITIALIZED
                  000003b0    00000002     rts430_eabi.lib : boot.obj (.stack)
                  000003b2    0000004e     --HOLE--

.text      0    0000c000    000009a6     
                  0000c000    000000b8     IRReceive.obj (.text:_Z6Port_1v)
                  0000c0b8    000000a8     rts430_eabi.lib : memory.obj (.text:malloc)
                  0000c160    00000080                     : memory.obj (.text:free)
                  0000c1e0    0000005e                     : copy_decompress_rle.obj (.text:__TI_decompress_rle_core)
                  0000c23e    0000005e                     : autoinit.obj (.text:_auto_init)
                  0000c29c    00000050     Serial.obj (.text:_Z8printBinj)
                  0000c2ec    0000004e     rts430_eabi.lib : dtor_list.obj (.text:__cxa_finalize)
                  0000c33a    0000004e     main.obj (.text:main)
                  0000c388    0000004c     rts430_eabi.lib : dtor_list.obj (.text:_Z11__TI_atexitPFYvPvES_S_)
                  0000c3d4    0000004a     Serial.obj (.text:_ZN6Serial8ReadLineEPci)
                  0000c41e    0000003a     IRReceive.obj (.text:_Z20IRReceive_Initializev)
                  0000c458    00000038     rts430_eabi.lib : memory.obj (.text:minit)
                  0000c490    00000034     Serial.obj (.text:_Z8printDeci)
                  0000c4c4    00000030     Timer.obj (.text:_Z10initTimer1ii)
                  0000c4f4    00000030     Timer.obj (.text:_Z10initTimer2ii)
                  0000c524    00000030     Serial.obj (.text:_ZN6Serial10InitializeEi)
                  0000c554    0000002e     IRReceive.obj (.text:_Z12ClearBuffersv)
                  0000c582    0000002c     rts430_eabi.lib : div16s.obj (.text)
                  0000c5ae    0000002c                     : lsl16.obj (.text)
                  0000c5da    0000002a     IRRemote.obj (.text:_Z13IRRemote_Sendji)
                  0000c604    0000002a     rts430_eabi.lib : exit.obj (.text:exit)
                  0000c62e    00000028     IRReceive.obj (.text:_Z22IRReceive_PrintBitDatav)
                  0000c656    00000026     IRRemote.obj (.text:_Z24IRRemote_StartModulationv)
                  0000c67c    00000026     Serial.obj (.text:_ZN6Serial8ReadByteEv)
                  0000c6a2    00000024     Timer.obj (.text:_Z20getNumericClockSpeed10ClockSpeed)
                  0000c6c6    00000020     IRRemote.obj (.text:_Z12doModulationv)
                  0000c6e6    00000020     Timer.obj (.text:_Z9Timer_1_Av)
                  0000c706    00000020     Timer.obj (.text:_Z9Timer_2_Av)
                  0000c726    0000001e     Timer.obj (.text:_ZN5Timer19InitializeFrequencyEii)
                  0000c744    0000001c     System.obj (.text:_Z14System_CPUinitv)
                  0000c760    0000001c     Timer.obj (.text:_ZN5Timer16SetInterruptFuncEPFvvE)
                  0000c77c    0000001c     rts430_eabi.lib : boot.obj (.text:_c_int00_noargs)
                  0000c798    0000001a     IRRemote.obj (.text:__sti___10_IRRemote_c_59615317)
                  0000c7b2    0000001a     IRReceive.obj (.text:__sti___11_IRReceive_c_90145b4a)
                  0000c7cc    00000016     IRRemote.obj (.text:_Z17IRRemote_SendMarki)
                  0000c7e2    00000016     IRRemote.obj (.text:_Z18IRRemote_SendSpacei)
                  0000c7f8    00000016     Panasonic.obj (.text:_Z20Panasonic_Initializev)
                  0000c80e    00000016     Serial.obj (.text:_ZN6Serial7PrintlnEPc)
                  0000c824    00000016     Serial.obj (.text:_ZN6Serial8SendByteEc)
                  0000c83a    00000016     rts430_eabi.lib : div16u.obj (.text)
                  0000c850    00000014     Serial.obj (.text:_ZN6Serial5PrintEPc)
                  0000c864    00000014     Serial.obj (.text:_ZN6Serial5PrintEj4Base)
                  0000c878    00000014     rts430_eabi.lib : copy_zero_init.obj (.text:decompress:ZI:__TI_zero_init)
                  0000c88c    00000014                     : memset.obj (.text:memset)
                  0000c8a0    00000012     Panasonic.obj (.text:_Z6sendHiv)
                  0000c8b2    00000012     Panasonic.obj (.text:_Z6sendLov)
                  0000c8c4    00000012     rts430_eabi.lib : copy_decompress_none.obj (.text:decompress:none:__TI_decompress_none)
                  0000c8d6    00000012                     : memcpy.obj (.text:memcpy)
                  0000c8e8    00000010     Serial.obj (.text:_Z11USCI0RX_ISRv)
                  0000c8f8    00000010     rts430_eabi.lib : epilog.obj (.text)
                  0000c908    0000000e     IRRemote.obj (.text:_Z13IRRemote_InitiPFvvES0_)
                  0000c916    0000000a     rts430_eabi.lib : typeinfo_.obj (.text:_ZN10__cxxabiv117__class_type_infoD0Ev)
                  0000c920    0000000a                     : typeinfo_.obj (.text:_ZN10__cxxabiv120__si_class_type_infoD0Ev)
                  0000c92a    0000000a     Timer.obj (.text:_ZN5TimerD0Ev)
                  0000c934    0000000a     Serial.obj (.text:_ZN6SerialD0Ev)
                  0000c93e    0000000a     rts430_eabi.lib : delete.obj (.text:_ZdlPv)
                  0000c948    00000008     Panasonic.obj (.text:_Z14Panasonic_Sendj)
                  0000c950    00000008     Timer.obj (.text:_ZN5TimerC1Ev)
                  0000c958    00000008     Serial.obj (.text:_ZN6SerialC1Ev)
                  0000c960    00000006     IRReceive.obj (.text:_Z10Timer_Recvv)
                  0000c966    00000006     Serial.obj (.text:_Z11Initializedv)
                  0000c96c    00000006     System.obj (.text:_Z20System_GetClockSpeedv)
                  0000c972    00000006     Timer.obj (.text:_ZN5Timer8SetTimerE11TimerModule)
                  0000c978    00000006     rts430_eabi.lib : isr_trap.obj (.text:__TI_ISR_TRAP)
                  0000c97e    00000006                     : dtor_list.obj (.text:__cxa_ia64_exit)
                  0000c984    00000006                     : copy_decompress_rle.obj (.text:decompress:rle24:__TI_decompress_rle24)
                  0000c98a    00000004     System.obj (.text:_Z23System_EnableInterruptsv)
                  0000c98e    00000004     rts430_eabi.lib : dtor_list.obj (.text:__cxa_atexit)
                  0000c992    00000004                     : pre_init.obj (.text:_system_pre_init)
                  0000c996    00000004                     : exit.obj (.text:abort)
                  0000c99a    00000002     Serial.obj (.text:_Z11USCI0TX_ISRv)
                  0000c99c    00000002     rts430_eabi.lib : typeinfo_.obj (.text:_ZN10__cxxabiv117__class_type_infoD1Ev)
                  0000c99e    00000002                     : typeinfo_.obj (.text:_ZN10__cxxabiv120__si_class_type_infoD1Ev)
                  0000c9a0    00000002     Timer.obj (.text:_ZN5TimerD1Ev)
                  0000c9a2    00000002     Serial.obj (.text:_ZN6SerialD1Ev)
                  0000c9a4    00000002     rts430_eabi.lib : _lock.obj (.text:_nop)

.const     0    0000c9a6    000000a2     
                  0000c9a6    00000025     rts430_eabi.lib : typeinfo_.obj (.const:.typeinfo:_ZTSN10__cxxabiv120__si_class_type_infoE)
                  0000c9cb    00000001     --HOLE-- [fill = 0]
                  0000c9cc    00000022                     : typeinfo_.obj (.const:.typeinfo:_ZTSN10__cxxabiv117__class_type_infoE)
                  0000c9ee    0000000d                     : typeinfo_.obj (.const:.typeinfo:_ZTSSt9type_info)
                  0000c9fb    00000001     --HOLE-- [fill = 0]
                  0000c9fc    00000008     Serial.obj (.const:.typeinfo:_ZTS6Serial)
                  0000ca04    00000008     Timer.obj (.const:_ZTV5Timer)
                  0000ca0c    00000008     Serial.obj (.const:_ZTV6Serial)
                  0000ca14    00000008     rts430_eabi.lib : typeinfo_.obj (.const:_ZTVN10__cxxabiv117__class_type_infoE)
                  0000ca1c    00000008                     : typeinfo_.obj (.const:_ZTVN10__cxxabiv120__si_class_type_infoE)
                  0000ca24    00000007     Timer.obj (.const:.typeinfo:_ZTS5Timer)
                  0000ca2b    00000001     --HOLE-- [fill = 0]
                  0000ca2c    00000006     rts430_eabi.lib : typeinfo_.obj (.const:.typeinfo:_ZTIN10__cxxabiv117__class_type_infoE)
                  0000ca32    00000006                     : typeinfo_.obj (.const:.typeinfo:_ZTIN10__cxxabiv120__si_class_type_infoE)
                  0000ca38    00000004     Timer.obj (.const:.typeinfo:_ZTI5Timer)
                  0000ca3c    00000004     Serial.obj (.const:.typeinfo:_ZTI6Serial)
                  0000ca40    00000004     rts430_eabi.lib : typeinfo_.obj (.const:.typeinfo:_ZTISt9type_info)
                  0000ca44    00000002     Serial.obj (.const:.string)
                  0000ca46    00000002     main.obj (.const:.string)

.init_array 
*          0    0000ca48    00000004     
                  0000ca48    00000002     IRReceive.obj (.init_array)
                  0000ca4a    00000002     IRRemote.obj (.init_array)

.cinit     0    0000ca4c    00000020     
                  0000ca4c    0000000d     (.cinit..data.load) [load image]
                  0000ca59    00000001     --HOLE-- [fill = 0]
                  0000ca5a    00000006     (__TI_handler_table)
                  0000ca60    00000004     (.cinit..bss.load) [load image, compression = zero_init]
                  0000ca64    00000008     (__TI_cinit_table)

PORT1      0    0000ffe4    00000002     
                  0000ffe4    00000002     IRReceive.obj (.int02)

PORT2      0    0000ffe6    00000002     
                  0000ffe6    00000002     rts430_eabi.lib : int03.obj (.int03)

ADC10      0    0000ffea    00000002     
                  0000ffea    00000002     rts430_eabi.lib : int05.obj (.int05)

USCIAB0TX 
*          0    0000ffec    00000002     
                  0000ffec    00000002     Serial.obj (.int06)

USCIAB0RX 
*          0    0000ffee    00000002     
                  0000ffee    00000002     Serial.obj (.int07)

TIMER0_A1 
*          0    0000fff0    00000002     
                  0000fff0    00000002     rts430_eabi.lib : int08.obj (.int08)

TIMER0_A0 
*          0    0000fff2    00000002     
                  0000fff2    00000002     Timer.obj (.int09)

WDT        0    0000fff4    00000002     
                  0000fff4    00000002     rts430_eabi.lib : int10.obj (.int10)

COMPARATORA 
*          0    0000fff6    00000002     
                  0000fff6    00000002     rts430_eabi.lib : int11.obj (.int11)

TIMER1_A1 
*          0    0000fff8    00000002     
                  0000fff8    00000002     rts430_eabi.lib : int12.obj (.int12)

TIMER1_A0 
*          0    0000fffa    00000002     
                  0000fffa    00000002     Timer.obj (.int13)

NMI        0    0000fffc    00000002     
                  0000fffc    00000002     rts430_eabi.lib : int14.obj (.int14)

.reset     0    0000fffe    00000002     
                  0000fffe    00000002     rts430_eabi.lib : boot.obj (.reset)


LINKER GENERATED COPY TABLES

__TI_cinit_table @ 0000ca64 records: 2, size/record: 4, table size: 8
	.data: load addr=0000ca4c, load size=0000000d bytes, run addr=0000030c, run size=00000009 bytes, compression=copy
	.bss: load addr=0000ca60, load size=00000004 bytes, run addr=00000200, run size=000000bb bytes, compression=zero_init


LINKER GENERATED HANDLER TABLE

__TI_handler_table @ 0000ca5a records: 3, size/record: 2, table size: 6
	index: 0, handler: __TI_zero_init
	index: 1, handler: __TI_decompress_rle24
	index: 2, handler: __TI_decompress_none


GLOBAL SYMBOLS: SORTED ALPHABETICALLY BY Name 

address    name
--------   ----
0000004a   ADC10AE0
000001b0   ADC10CTL0
000001b2   ADC10CTL1
00000048   ADC10DTC0
00000049   ADC10DTC1
000001b4   ADC10MEM
000001bc   ADC10SA
00000057   BCSCTL1
00000058   BCSCTL2
00000053   BCSCTL3
00000294   BitCount
0000c996   C$$EXIT
00000059   CACTL1
0000005a   CACTL2
000010fb   CALBC1_12MHZ
000010f9   CALBC1_16MHZ
000010ff   CALBC1_1MHZ
000010fd   CALBC1_8MHZ
000010fa   CALDCO_12MHZ
000010f8   CALDCO_16MHZ
000010fe   CALDCO_1MHZ
000010fc   CALDCO_8MHZ
0000005b   CAPD
00000056   DCOCTL
00000264   DataBuffer
00000296   ErrCount
00000200   ErrData
00000128   FCTL1
0000012a   FCTL2
0000012c   FCTL3
00000000   IE1
00000001   IE2
00000002   IFG1
00000003   IFG2
00000022   P1DIR
00000025   P1IE
00000024   P1IES
00000023   P1IFG
00000020   P1IN
00000021   P1OUT
00000027   P1REN
00000026   P1SEL
00000041   P1SEL2
0000002a   P2DIR
0000002d   P2IE
0000002c   P2IES
0000002b   P2IFG
00000028   P2IN
00000029   P2OUT
0000002f   P2REN
0000002e   P2SEL
00000042   P2SEL2
0000001a   P3DIR
00000018   P3IN
00000019   P3OUT
00000010   P3REN
0000001b   P3SEL
00000043   P3SEL2
00000172   TA0CCR0
00000174   TA0CCR1
00000176   TA0CCR2
00000162   TA0CCTL0
00000164   TA0CCTL1
00000166   TA0CCTL2
00000160   TA0CTL
0000012e   TA0IV
00000170   TA0R
00000192   TA1CCR0
00000194   TA1CCR1
00000196   TA1CCR2
00000182   TA1CCTL0
00000184   TA1CCTL1
00000186   TA1CCTL2
00000180   TA1CTL
0000011e   TA1IV
00000190   TA1R
000010db   TLV_ADC10_1_LEN
000010da   TLV_ADC10_1_TAG
000010c0   TLV_CHECKSUM
000010f7   TLV_DCO_30_LEN
000010f6   TLV_DCO_30_TAG
0000029c   TotalBitCount
0000005d   UCA0ABCTL
00000062   UCA0BR0
00000063   UCA0BR1
00000060   UCA0CTL0
00000061   UCA0CTL1
0000005f   UCA0IRRCTL
0000005e   UCA0IRTCTL
00000064   UCA0MCTL
00000066   UCA0RXBUF
00000065   UCA0STAT
00000067   UCA0TXBUF
0000006a   UCB0BR0
0000006b   UCB0BR1
00000068   UCB0CTL0
00000069   UCB0CTL1
0000006c   UCB0I2CIE
00000118   UCB0I2COA
0000011a   UCB0I2CSA
0000006e   UCB0RXBUF
0000006d   UCB0STAT
0000006f   UCB0TXBUF
00000120   WDTCTL
0000c8e8   _Z11USCI0RX_ISRv
0000c99a   _Z11USCI0TX_ISRv
0000c908   _Z13IRRemote_InitiPFvvES0_
0000c5da   _Z13IRRemote_Sendji
0000c948   _Z14Panasonic_Sendj
0000c744   _Z14System_CPUinitv
0000c7cc   _Z17IRRemote_SendMarki
0000c7e2   _Z18IRRemote_SendSpacei
0000c41e   _Z20IRReceive_Initializev
0000c7f8   _Z20Panasonic_Initializev
0000c96c   _Z20System_GetClockSpeedv
0000c62e   _Z22IRReceive_PrintBitDatav
0000c98a   _Z23System_EnableInterruptsv
0000c656   _Z24IRRemote_StartModulationv
0000c000   _Z6Port_1v
0000c6e6   _Z9Timer_1_Av
0000c706   _Z9Timer_2_Av
0000c916   _ZN10__cxxabiv117__class_type_infoD0Ev
0000c99c   _ZN10__cxxabiv117__class_type_infoD1Ev
0000c99c   _ZN10__cxxabiv117__class_type_infoD2Ev
0000c920   _ZN10__cxxabiv120__si_class_type_infoD0Ev
0000c99e   _ZN10__cxxabiv120__si_class_type_infoD1Ev
0000c99e   _ZN10__cxxabiv120__si_class_type_infoD2Ev
0000c760   _ZN5Timer16SetInterruptFuncEPFvvE
0000c726   _ZN5Timer19InitializeFrequencyEii
0000c972   _ZN5Timer8SetTimerE11TimerModule
0000c950   _ZN5TimerC1Ev
0000c950   _ZN5TimerC2Ev
0000c92a   _ZN5TimerD0Ev
0000c9a0   _ZN5TimerD1Ev
0000c9a0   _ZN5TimerD2Ev
0000c524   _ZN6Serial10InitializeEi
0000c850   _ZN6Serial5PrintEPc
0000c864   _ZN6Serial5PrintEj4Base
0000c80e   _ZN6Serial7PrintlnEPc
0000c67c   _ZN6Serial8ReadByteEv
0000c3d4   _ZN6Serial8ReadLineEPci
0000c824   _ZN6Serial8SendByteEc
0000c958   _ZN6SerialC1Ev
0000c958   _ZN6SerialC2Ev
0000c934   _ZN6SerialD0Ev
0000c9a2   _ZN6SerialD1Ev
0000c9a2   _ZN6SerialD2Ev
0000ca38   _ZTI5Timer
0000ca3c   _ZTI6Serial
0000ca2c   _ZTIN10__cxxabiv117__class_type_infoE
0000ca32   _ZTIN10__cxxabiv120__si_class_type_infoE
0000ca40   _ZTISt9type_info
0000ca24   _ZTS5Timer
0000c9fc   _ZTS6Serial
0000c9cc   _ZTSN10__cxxabiv117__class_type_infoE
0000c9a6   _ZTSN10__cxxabiv120__si_class_type_infoE
0000c9ee   _ZTSSt9type_info
0000ca04   _ZTV5Timer
0000ca0c   _ZTV6Serial
0000ca14   _ZTVN10__cxxabiv117__class_type_infoE
0000ca1c   _ZTVN10__cxxabiv120__si_class_type_infoE
0000c93e   _ZdlPv
00000400   __STACK_END
00000050   __STACK_SIZE
00000050   __SYSMEM_SIZE
0000ca64   __TI_CINIT_Base
0000ca6c   __TI_CINIT_Limit
0000ca5a   __TI_Handler_Table_Base
0000ca60   __TI_Handler_Table_Limit
0000ca48   __TI_INITARRAY_Base
0000ca4c   __TI_INITARRAY_Limit
0000c978   __TI_ISR_TRAP
00000001   __TI_args_main
0000029e   __TI_cleanup_ptr
0000c8c4   __TI_decompress_none
0000c984   __TI_decompress_rle24
000002a0   __TI_dtors_ptr
00000001   __TI_exit
0000ffe4   __TI_int02
0000ffe6   __TI_int03
0000ffea   __TI_int05
0000ffec   __TI_int06
0000ffee   __TI_int07
0000fff0   __TI_int08
0000fff2   __TI_int09
0000fff4   __TI_int10
0000fff6   __TI_int11
0000fff8   __TI_int12
0000fffa   __TI_int13
0000fffc   __TI_int14
0000c878   __TI_zero_init
ffffffff   __binit__
ffffffff   __c_args__
0000c98e   __cxa_atexit
0000c2ec   __cxa_finalize
0000c97e   __cxa_ia64_exit
000002a2   __dso_handle
0000c582   __mspabi_divi
0000c83a   __mspabi_divu
0000c904   __mspabi_func_epilog_1
0000c902   __mspabi_func_epilog_2
0000c900   __mspabi_func_epilog_3
0000c8fe   __mspabi_func_epilog_4
0000c8fc   __mspabi_func_epilog_5
0000c8fa   __mspabi_func_epilog_6
0000c8f8   __mspabi_func_epilog_7
0000c582   __mspabi_remi
0000c83a   __mspabi_remu
0000c5ae   __mspabi_slli
0000c5d6   __mspabi_slli_1
0000c5c4   __mspabi_slli_10
0000c5c2   __mspabi_slli_11
0000c5c0   __mspabi_slli_12
0000c5be   __mspabi_slli_13
0000c5bc   __mspabi_slli_14
0000c5ba   __mspabi_slli_15
0000c5d4   __mspabi_slli_2
0000c5d2   __mspabi_slli_3
0000c5d0   __mspabi_slli_4
0000c5ce   __mspabi_slli_5
0000c5cc   __mspabi_slli_6
0000c5ca   __mspabi_slli_7
0000c5c8   __mspabi_slli_8
0000c5c6   __mspabi_slli_9
0000c798   __sti___10_IRRemote_c_59615317
0000c7b2   __sti___11_IRReceive_c_90145b4a
0000c23e   _auto_init
0000c77c   _c_int00
0000c77c   _c_int00_noargs
0000030c   _lock
0000c9a4   _nop
0000fffe   _reset_vector
000003b0   _stack
000002bc   _sys_memory
0000c992   _system_pre_init
0000030e   _unlock
0000c996   abort
ffffffff   binit
000002a4   count
0000c604   exit
0000c160   free
000002a6   index
0000c33a   main
0000c0b8   malloc
0000c8d6   memcpy
0000c88c   memset
0000c458   minit


GLOBAL SYMBOLS: SORTED BY Symbol Address 

address    name
--------   ----
00000000   IE1
00000001   IE2
00000001   __TI_args_main
00000001   __TI_exit
00000002   IFG1
00000003   IFG2
00000010   P3REN
00000018   P3IN
00000019   P3OUT
0000001a   P3DIR
0000001b   P3SEL
00000020   P1IN
00000021   P1OUT
00000022   P1DIR
00000023   P1IFG
00000024   P1IES
00000025   P1IE
00000026   P1SEL
00000027   P1REN
00000028   P2IN
00000029   P2OUT
0000002a   P2DIR
0000002b   P2IFG
0000002c   P2IES
0000002d   P2IE
0000002e   P2SEL
0000002f   P2REN
00000041   P1SEL2
00000042   P2SEL2
00000043   P3SEL2
00000048   ADC10DTC0
00000049   ADC10DTC1
0000004a   ADC10AE0
00000050   __STACK_SIZE
00000050   __SYSMEM_SIZE
00000053   BCSCTL3
00000056   DCOCTL
00000057   BCSCTL1
00000058   BCSCTL2
00000059   CACTL1
0000005a   CACTL2
0000005b   CAPD
0000005d   UCA0ABCTL
0000005e   UCA0IRTCTL
0000005f   UCA0IRRCTL
00000060   UCA0CTL0
00000061   UCA0CTL1
00000062   UCA0BR0
00000063   UCA0BR1
00000064   UCA0MCTL
00000065   UCA0STAT
00000066   UCA0RXBUF
00000067   UCA0TXBUF
00000068   UCB0CTL0
00000069   UCB0CTL1
0000006a   UCB0BR0
0000006b   UCB0BR1
0000006c   UCB0I2CIE
0000006d   UCB0STAT
0000006e   UCB0RXBUF
0000006f   UCB0TXBUF
00000118   UCB0I2COA
0000011a   UCB0I2CSA
0000011e   TA1IV
00000120   WDTCTL
00000128   FCTL1
0000012a   FCTL2
0000012c   FCTL3
0000012e   TA0IV
00000160   TA0CTL
00000162   TA0CCTL0
00000164   TA0CCTL1
00000166   TA0CCTL2
00000170   TA0R
00000172   TA0CCR0
00000174   TA0CCR1
00000176   TA0CCR2
00000180   TA1CTL
00000182   TA1CCTL0
00000184   TA1CCTL1
00000186   TA1CCTL2
00000190   TA1R
00000192   TA1CCR0
00000194   TA1CCR1
00000196   TA1CCR2
000001b0   ADC10CTL0
000001b2   ADC10CTL1
000001b4   ADC10MEM
000001bc   ADC10SA
00000200   ErrData
00000264   DataBuffer
00000294   BitCount
00000296   ErrCount
0000029c   TotalBitCount
0000029e   __TI_cleanup_ptr
000002a0   __TI_dtors_ptr
000002a2   __dso_handle
000002a4   count
000002a6   index
000002bc   _sys_memory
0000030c   _lock
0000030e   _unlock
000003b0   _stack
00000400   __STACK_END
000010c0   TLV_CHECKSUM
000010da   TLV_ADC10_1_TAG
000010db   TLV_ADC10_1_LEN
000010f6   TLV_DCO_30_TAG
000010f7   TLV_DCO_30_LEN
000010f8   CALDCO_16MHZ
000010f9   CALBC1_16MHZ
000010fa   CALDCO_12MHZ
000010fb   CALBC1_12MHZ
000010fc   CALDCO_8MHZ
000010fd   CALBC1_8MHZ
000010fe   CALDCO_1MHZ
000010ff   CALBC1_1MHZ
0000c000   _Z6Port_1v
0000c0b8   malloc
0000c160   free
0000c23e   _auto_init
0000c2ec   __cxa_finalize
0000c33a   main
0000c3d4   _ZN6Serial8ReadLineEPci
0000c41e   _Z20IRReceive_Initializev
0000c458   minit
0000c524   _ZN6Serial10InitializeEi
0000c582   __mspabi_divi
0000c582   __mspabi_remi
0000c5ae   __mspabi_slli
0000c5ba   __mspabi_slli_15
0000c5bc   __mspabi_slli_14
0000c5be   __mspabi_slli_13
0000c5c0   __mspabi_slli_12
0000c5c2   __mspabi_slli_11
0000c5c4   __mspabi_slli_10
0000c5c6   __mspabi_slli_9
0000c5c8   __mspabi_slli_8
0000c5ca   __mspabi_slli_7
0000c5cc   __mspabi_slli_6
0000c5ce   __mspabi_slli_5
0000c5d0   __mspabi_slli_4
0000c5d2   __mspabi_slli_3
0000c5d4   __mspabi_slli_2
0000c5d6   __mspabi_slli_1
0000c5da   _Z13IRRemote_Sendji
0000c604   exit
0000c62e   _Z22IRReceive_PrintBitDatav
0000c656   _Z24IRRemote_StartModulationv
0000c67c   _ZN6Serial8ReadByteEv
0000c6e6   _Z9Timer_1_Av
0000c706   _Z9Timer_2_Av
0000c726   _ZN5Timer19InitializeFrequencyEii
0000c744   _Z14System_CPUinitv
0000c760   _ZN5Timer16SetInterruptFuncEPFvvE
0000c77c   _c_int00
0000c77c   _c_int00_noargs
0000c798   __sti___10_IRRemote_c_59615317
0000c7b2   __sti___11_IRReceive_c_90145b4a
0000c7cc   _Z17IRRemote_SendMarki
0000c7e2   _Z18IRRemote_SendSpacei
0000c7f8   _Z20Panasonic_Initializev
0000c80e   _ZN6Serial7PrintlnEPc
0000c824   _ZN6Serial8SendByteEc
0000c83a   __mspabi_divu
0000c83a   __mspabi_remu
0000c850   _ZN6Serial5PrintEPc
0000c864   _ZN6Serial5PrintEj4Base
0000c878   __TI_zero_init
0000c88c   memset
0000c8c4   __TI_decompress_none
0000c8d6   memcpy
0000c8e8   _Z11USCI0RX_ISRv
0000c8f8   __mspabi_func_epilog_7
0000c8fa   __mspabi_func_epilog_6
0000c8fc   __mspabi_func_epilog_5
0000c8fe   __mspabi_func_epilog_4
0000c900   __mspabi_func_epilog_3
0000c902   __mspabi_func_epilog_2
0000c904   __mspabi_func_epilog_1
0000c908   _Z13IRRemote_InitiPFvvES0_
0000c916   _ZN10__cxxabiv117__class_type_infoD0Ev
0000c920   _ZN10__cxxabiv120__si_class_type_infoD0Ev
0000c92a   _ZN5TimerD0Ev
0000c934   _ZN6SerialD0Ev
0000c93e   _ZdlPv
0000c948   _Z14Panasonic_Sendj
0000c950   _ZN5TimerC1Ev
0000c950   _ZN5TimerC2Ev
0000c958   _ZN6SerialC1Ev
0000c958   _ZN6SerialC2Ev
0000c96c   _Z20System_GetClockSpeedv
0000c972   _ZN5Timer8SetTimerE11TimerModule
0000c978   __TI_ISR_TRAP
0000c97e   __cxa_ia64_exit
0000c984   __TI_decompress_rle24
0000c98a   _Z23System_EnableInterruptsv
0000c98e   __cxa_atexit
0000c992   _system_pre_init
0000c996   C$$EXIT
0000c996   abort
0000c99a   _Z11USCI0TX_ISRv
0000c99c   _ZN10__cxxabiv117__class_type_infoD1Ev
0000c99c   _ZN10__cxxabiv117__class_type_infoD2Ev
0000c99e   _ZN10__cxxabiv120__si_class_type_infoD1Ev
0000c99e   _ZN10__cxxabiv120__si_class_type_infoD2Ev
0000c9a0   _ZN5TimerD1Ev
0000c9a0   _ZN5TimerD2Ev
0000c9a2   _ZN6SerialD1Ev
0000c9a2   _ZN6SerialD2Ev
0000c9a4   _nop
0000c9a6   _ZTSN10__cxxabiv120__si_class_type_infoE
0000c9cc   _ZTSN10__cxxabiv117__class_type_infoE
0000c9ee   _ZTSSt9type_info
0000c9fc   _ZTS6Serial
0000ca04   _ZTV5Timer
0000ca0c   _ZTV6Serial
0000ca14   _ZTVN10__cxxabiv117__class_type_infoE
0000ca1c   _ZTVN10__cxxabiv120__si_class_type_infoE
0000ca24   _ZTS5Timer
0000ca2c   _ZTIN10__cxxabiv117__class_type_infoE
0000ca32   _ZTIN10__cxxabiv120__si_class_type_infoE
0000ca38   _ZTI5Timer
0000ca3c   _ZTI6Serial
0000ca40   _ZTISt9type_info
0000ca48   __TI_INITARRAY_Base
0000ca4c   __TI_INITARRAY_Limit
0000ca5a   __TI_Handler_Table_Base
0000ca60   __TI_Handler_Table_Limit
0000ca64   __TI_CINIT_Base
0000ca6c   __TI_CINIT_Limit
0000ffe4   __TI_int02
0000ffe6   __TI_int03
0000ffea   __TI_int05
0000ffec   __TI_int06
0000ffee   __TI_int07
0000fff0   __TI_int08
0000fff2   __TI_int09
0000fff4   __TI_int10
0000fff6   __TI_int11
0000fff8   __TI_int12
0000fffa   __TI_int13
0000fffc   __TI_int14
0000fffe   _reset_vector
ffffffff   __binit__
ffffffff   __c_args__
ffffffff   binit

[247 symbols]
